{
    "elements": [
        {
            "type": "test.model",
            "name": "SimpleElement",
            "description": "",
            "parameters": [
                {
                    "type": "string",
                    "name": "data",
                    "behavior": ""
                }
            ],
            "lastUpdated": 0
        }
    ],
    "settings": {
        "projectDescription": "Test description",
        "projectUrl": "www.example.com",
        "founded": 1676253017,
        "maintainers": [
            "Steank",
            "Steank",
            "Steank"
        ]
    }
}