{
    "elements": [],
    "settings": {
        "projectDescription": "Test description",
        "projectUrl": "www.example.com",
        "founded": 1676253017,
        "maintainers": [
            "Steank",
            "Steank",
            "Steank"
        ]
    }
}